  main.cpp
C:\Users\josue\source\repos\Sistema_supermercado\vista\Cliente.h(58,69): warning C4267: 'argumento': conversión de 'size_t' a 'unsigned long'; posible pérdida de datos
  (compilando archivo de origen "main.cpp")
  
C:\Users\josue\source\repos\Sistema_supermercado\vista\Cliente.h(63,126): warning C4267: '=': conversión de 'size_t' a 'unsigned long'; posible pérdida de datos
  (compilando archivo de origen "main.cpp")
  
C:\Users\josue\source\repos\Sistema_supermercado\vista\Cliente.h(64,126): warning C4267: '=': conversión de 'size_t' a 'unsigned long'; posible pérdida de datos
  (compilando archivo de origen "main.cpp")
  
C:\Users\josue\source\repos\Sistema_supermercado\vista\Cliente.h(65,126): warning C4267: '=': conversión de 'size_t' a 'unsigned long'; posible pérdida de datos
  (compilando archivo de origen "main.cpp")
  
C:\Users\josue\source\repos\Sistema_supermercado\vista\Cliente.h(67,126): warning C4267: '=': conversión de 'size_t' a 'unsigned long'; posible pérdida de datos
  (compilando archivo de origen "main.cpp")
  
C:\Users\josue\source\repos\Sistema_supermercado\vista\Cliente.h(68,131): warning C4267: '=': conversión de 'size_t' a 'unsigned long'; posible pérdida de datos
  (compilando archivo de origen "main.cpp")
  
C:\Users\josue\source\repos\Sistema_supermercado\vista\Cliente.h(88,77): warning C4267: 'argumento': conversión de 'size_t' a 'unsigned long'; posible pérdida de datos
  (compilando archivo de origen "main.cpp")
  
C:\Users\josue\source\repos\Sistema_supermercado\vista\Cliente.h(90,134): warning C4267: '=': conversión de 'size_t' a 'unsigned long'; posible pérdida de datos
  (compilando archivo de origen "main.cpp")
  
C:\Users\josue\source\repos\Sistema_supermercado\vista\Empleado.h(68,77): warning C4267: 'argumento': conversión de 'size_t' a 'unsigned long'; posible pérdida de datos
  (compilando archivo de origen "main.cpp")
  
C:\Users\josue\source\repos\Sistema_supermercado\vista\Empleado.h(121,65): warning C4267: 'argumento': conversión de 'size_t' a 'unsigned long'; posible pérdida de datos
  (compilando archivo de origen "main.cpp")
  
C:\Users\josue\source\repos\Sistema_supermercado\vista\Empleado.h(126,35): warning C4267: 'inicializando': conversión de 'size_t' a 'unsigned long'; posible pérdida de datos
  (compilando archivo de origen "main.cpp")
  
C:\Users\josue\source\repos\Sistema_supermercado\vista\Empleado.h(133,53): warning C4267: '=': conversión de 'size_t' a 'unsigned long'; posible pérdida de datos
  (compilando archivo de origen "main.cpp")
  
C:\Users\josue\source\repos\Sistema_supermercado\vista\Producto.h(76,61): warning C4267: 'argumento': conversión de 'size_t' a 'unsigned long'; posible pérdida de datos
  (compilando archivo de origen "main.cpp")
  
C:\Users\josue\source\repos\Sistema_supermercado\vista\Producto.h(79,149): warning C4267: '=': conversión de 'size_t' a 'unsigned long'; posible pérdida de datos
  (compilando archivo de origen "main.cpp")
  
C:\Users\josue\source\repos\Sistema_supermercado\vista\Producto.h(81,143): warning C4267: '=': conversión de 'size_t' a 'unsigned long'; posible pérdida de datos
  (compilando archivo de origen "main.cpp")
  
C:\Users\josue\source\repos\Sistema_supermercado\vista\Producto.h(82,138): warning C4267: '=': conversión de 'size_t' a 'unsigned long'; posible pérdida de datos
  (compilando archivo de origen "main.cpp")
  
C:\Users\josue\source\repos\Sistema_supermercado\vista\Producto.h(121,77): warning C4267: 'argumento': conversión de 'size_t' a 'unsigned long'; posible pérdida de datos
  (compilando archivo de origen "main.cpp")
  
C:\Users\josue\source\repos\Sistema_supermercado\vista\Venta.h(92,94): warning C4267: 'argumento': conversión de 'size_t' a 'unsigned long'; posible pérdida de datos
  (compilando archivo de origen "main.cpp")
  
C:\Users\josue\source\repos\Sistema_supermercado\vista\Venta.h(128,81): warning C4267: 'argumento': conversión de 'size_t' a 'unsigned long'; posible pérdida de datos
  (compilando archivo de origen "main.cpp")
  
C:\Users\josue\source\repos\Sistema_supermercado\vista\Venta.h(129,77): warning C4267: 'argumento': conversión de 'size_t' a 'unsigned long'; posible pérdida de datos
  (compilando archivo de origen "main.cpp")
  
  Generando código
  88 of 1044 functions ( 8.4%) were compiled, the rest were copied from previous compilation.
    18 functions were new in current compilation
    98 functions had inline decision re-evaluated but remain unchanged
  Generación de código finalizada
  vista.vcxproj -> C:\Users\josue\source\repos\Sistema_supermercado\x64\Release\vista.exe
